// Jest Snapshot v1, https://goo.gl/fbAQLP

exports[`Footer actually renders 1`] = `
<footer
  className="sc-bdVaJa hexMQ"
>
  made with 
  <a
    className="sc-bwzfXH hMjEnB"
    href="https://github.com/hweeks/hweeks"
  >
    git
  </a>
   in the forest
</footer>
`;
